Map from file map.json loaded
The game has been started. Players are: V1 
Scientist V1 set on field PL1 
Scientist V1 has been given material aminoacid quantity: 100 
Scientist V1 has been given material nucleotide quantity: 100 
Choose one to craft: 
0 - Cancel
Scientist V1 doesn't have crafted agent Stun
Scientist V1 has material aminoacid quantity: 55
Scientist V1 has material nucleotide quantity: 55
