Map from file map.json loaded
The game has been started. Players are: V1 
Scientist V1 set on field PL1 
Gear Coat has been placed on field PL1 
Choose one to pick: 
0 - cancel
1 - Coat
V1's gears are:
Coat
