Map from file map.json loaded
The game has been started. Players are: V1 
Genetic Code Immunity aminoacid: 5 nucleotide: 5 has been placed on field LA1 
Scientist V1 set on field LA1
Number of Genetic Codes is set to 4
Scientist V1 has been given gencode Stun aminoacid: 10 nucleotide: 10 
Scientist V1 has been given gencode Dementia aminoacid: 10 nucleotide: 10 
Scientist V1 has been given gencode Craziness aminoacid: 10 nucleotide: 5 
Choose one to pick: 
0 - cancel
1 - Immunity(3)
Scientist V1 won the game
