Map from file map.json loaded
The game has been started. Players are: V1 
Genetic code Stun aminoacid: 30 nucleotide: 30 has been placed on field LA1 
Scientist V1 set on field LA1 
Scientist V1 has been given gencode Stun aminoacid: 30 nucleotide: 30
V1's genetic codes are:
Stun(3)
Choose one to pick: 
0 - cancel
1 - Stun(3)
V1's genetic codes are:
Stun(3)
