Map from file map.json loaded
The game has been started. Players are: V1 
Scientist V1 set on field PL1 
Gear Coat has been placed on field PL1
V1 doesn't have any gears
Scientist V1 has been given active agent Stun time: 3  
Choose one to pick: 
0 - cancel
V1 doesn't have any gears
