Map from file map.json loaded
The game has been started. Players are: V1 
Scientist V1 set on field ST1 
Material nucleotide: 20 has been placed on field ST1
V1's materials are:
aminoacid(0) 
nucleotide(0) 
Choose one to pick:
0 - Cancel
1 - nucleotide(20)
V1's materials are:
aminoacid(0) 
nucleotide(20)
