Map from file map.json loaded
The game has been started. Players are: V1 
Genetic code Immunity aminoacid: 10 nucleotide: 10 has been placed on field LA1 
Scientist V1 set on field PL1 
Scientist V1 moved to field LA1 
V1 doesn't have any genetic codes
Choose one to pick: 
0 - cancel
1 - Immunity(3)
V1's genetic codes are:
Immunity(3)
