Map from file map.json loaded
The game has been started. Players are: V1 V2  
Scientist V1 set on field PL1 
Scientist V1 has been given gear Gloves 
Scientist V2 set on field PL2 
Scientist V1 moved to field PL2 
Scientist V2 has been given crafted agent Stun time: 3
Scientist V2 has been given crafted agent Stun time: 3
Scientist V2 has been given crafted agent Stun time: 3
Choose one to use: 
0 - cancel 
1 - Stun(3) 
2 - Stun(3) 
3 - Stun(3) 
Choose one to use: 
0 - cancel
1 - Stun(3) 
2 - Stun(3) 
Choose one to use: 
0 - cancel 
1 - Stun(3) 
Scientist V1 has gear Gloves uses: 0
