Map from file map.json loaded
The game has been started. Players are: V1   
Scientist V1 set on field PL1 
Scientist V1 has been given crafted agent Stun time:  1 
Scientist V1 has been given crafted agent Craziness time:  1 
Choose one to use: 
0 - cancel 
1 - Stun(1) 
2 - Craziness(1) 
Scientist V1 has active agent Stun time: 1
V1's active effects are:
Stun(1)
