Map from file map.json loaded
The game has been started. Players are: V1   
Scientist V1 set on field PL1
Material aminoacid: 10 has been placed on field ST1
Scientist V1 moved to field ST1 
Choose one to pick: 
0 - cancel
1 - aminoacid(10)
Scientist V1 moved to field PL1
Scientist V1 has been given active agent Bear time: 1 
Scientist V1 moved to field ST1
Choose one to pick: 
0 - cancel
