Map from file map.json loaded
The game has been started. Players are: V1 V2
Scientist V1 set on field PL1 
Scientist V2 set on field PL1 
Scientist V1 has been given gear Gloves 
Scientist V1 has been given gear Axe 
Scientist V1 has been given gear Bag 
Scientist V2 has been given gear Coat 
Scientist V2 has been given active agent Stun time: 3 
Choose one to drop:
0 - Cancel
1 - Gloves(3)
2 - Axe(1)
3 - Bag
Scientist V1 has robbed V2
