Map from file map.json loaded
The game has been started. Players are: V1 V2   
Scientist V1 set on field PL1 
Scientist V1 has been given gear Gloves 
Scientist V2 set on field PL2 
Scientist V1 moved to field PL2 
Scientist V2 has been given crafted agent Stun time: 1  
Choose one to use: 
0 - cancel
1 - Stun(1)
Scientist V1 has gear Gloves uses: 2
Scientist V1 has crafted agent Stun quantity: 1
