Map from file map.json loaded
The game has been started. Players are: V1 
Scientist V1 set on field PL1 
Scientist V1 has been given gear Gloves 
Scientist V1 has been given gear Axe 
Scientist V1 has been given gear Bag 
Gear Coat has been placed on field PL1 
V1's gears are:
Gloves(3) 
Axe(1) 
Bag 
Choose one to pick: 
0 - Cancel
1 - Coat
Choose one to drop: 
0 - Cancel
1 - Gloves(3)
2 - Axe(1)
3 - Bag
V1's gears are:
Gloves(3) 
Bag 
Coat
