Map from file map.json loaded
The game has been started. Players are: V1 V2 
Scientist V1 set on field PL1 
Scientist V2 set on field PL1 
Scientist V1 has been given crafted agent Stun time: 3 
V2 doesn't have any active effects
Choose one to use: 
0 - cancel
1 - Stun(3)
V2's active effects are:
Stun(3)
