Map from file map.json loaded
The game has been started. Players are: V1 V2 V3
Scientist V1 set on field PL1
Scientist V2 set on field PL2
Scientist V3 set on field PL2
The map consists of these non-empty fields:
Plain(PL1): 
 - V1
Plain(PL2):
 - V2
 - V3
Scientist V1 couldn't move
The map consists of these non-empty fields: 
Plain(PL1): 
 - V1
Plain(PL2):
 - V2
 - V3
