Map from file map.json loaded
The game has been started. Players are: V1 
Scientist V1 set on field PL1 
Scientist V1 has been given crafted agent Immunity time: 3 
Choose one to use: 
0 - cancel
1 - Immunity(3)
V1's active effects are:
Immunity (3)
