Map from file map.json loaded
The game has been started. Players are: V1 V2  
Scientist V1 set on field PL1 
Scientist V2 set on field PL2 
Scientist V1 has been given active agent Bear time: 1 
Scientist V2 moved to field PL1
Scientist V2 has active agent Bear time: -1
