Map from file map.json loaded
The game has been started. Players are: V1 
Genetic Code Stun aminoacid: 30 nucleotide: 30 has been placed on field LA1 
Scientist V1 set on field LA1 
Scientist V1 has been given active agent Dementia time: 3 
Choose one to pick: 
0 - cancel
1 - Stun(3)
Scientist V1 doesn't have gencode Stun
