Map from file map.json loaded
The game has been started. Players are: V1 
Scientist V1 set on field PL1 
Scientist V1 has been given material aminoacid quantity: 100 
Scientist V1 has been given material nucleotide quantity: 100 
Scientist V1 has been given gencode Stun aminoacid: 50 nucleotide: 50
Choose one to craft: 
0 - Cancel
1 - Stun
Scientist V1 crafted agent Stun
Scientist V1 has crafted agent Stun quantity: 1 
Scientist V1 has material aminoacid quantity: 5
Scientist V1 has material nucleotide quantity: 5
